[pederspongsveen.wixsite.com/grinders-customs.html]
[static.parastorage.com/unpkg/core-js-bundle@3.2.1/minified.js]
[static.parastorage.com/unpkg/focus-within-polyfill@5.0.9/dist/focus-within-polyfill.js]
[backblue.gif]
[fade.gif]
[index.html]
[pederspongsveen.wixsite.com/index.html]
[static.wixstatic.com/media/af7a8b002af842f8bab87691c1d8640f.jpg/v1/fill/w_288,h_162,al_c,q_80,usm_0.66_1.00_0.01,blur_2/af7a8b002af842f8bab87691c1d8640f.jpg]
[polyfill-fastly.io/v3/polyfill.mind82c.js]
[pederspongsveen.wixsite.com/grinders-customs/chose-subscriptione.html]
[browser.sentry-cdn.com/6.18.2/bundle.min.js]
[static.wixstatic.com/media/1e47b2_5933ee74ead1423ea0746d23c30f1b4e_mv2.png/v1/fill/w_49,h_28,al_c,q_85,usm_0.66_1.00_0.01,blur_2,e/1e47b2_5933ee74ead1423ea0746d23c]
[static.wixstatic.com/media/84770f_f8c65cc524cc4a1f80630d3aacf55ee6_mv2.png/v1/fill/w_50,h_50,al_c,q_85,blur_3,enc_auto/84770f_f8c65cc524cc4a1f80630d3aacf55ee6_mv2]
[static.wixstatic.com/media/84770f_1a1beda5f9474ac1838dd8846edd7eb1_mv2.png/v1/fill/w_50,h_50,al_c,q_85,blur_3,enc_auto/84770f_1a1beda5f9474ac1838dd8846edd7eb1_mv2]
[pederspongsveen.wixsite.com/sitemap.c.delayed]
[static.wixstatic.com/media/84770f_f7a075b82a84470297070fc65e2508df_mv2.png/v1/fill/w_50,h_50,al_c,q_85,blur_3,enc_auto/84770f_f7a075b82a84470297070fc65e2508df_mv2]
[pederspongsveen.wixsite.com/feed.d.delayed]
[static.wixstatic.com/media/84770f_0e11b135814f45afa0af5b4946fc9928_mv2.png/v1/fill/w_50,h_50,al_c,q_85,blur_3,enc_auto/84770f_0e11b135814f45afa0af5b4946fc9928_mv2]
[pederspongsveen.wixsite.com/${n.e.delayed]
[static.parastorage.com/services/wix-thunderbolt/dist/thunderbolt-commons.63cb2bc9.bundle.min.js]
[static.parastorage.com/services/wix-thunderbolt/dist/main.4646567a.bundle.min.js]
[static.parastorage.com/services/wix-thunderbolt/dist/main.renderer.1d21f023.bundle.min.js]
[static.parastorage.com/unpkg/lodash@4.17.21/lodash.min.js]
[static.parastorage.com/unpkg/react@18.3.1/umd/react.production.min.js]
[static.parastorage.com/unpkg/react-dom@18.3.1/umd/react-dom.production.min.js]
[pederspongsveen.wixsite.com/decodeURIComponent(e.15.delayed]
[static.parastorage.com/services/tag-manager-client/1.859.0/siteTags.bundle.min.js]
[pederspongsveen.wixsite.com/grinders-customs.html]
[pederspongsveen.wixsite.com/index.html]
[static.parastorage.com/services/wix-perf-measure/1.1095.0/wix-perf-measure.umd.min.js]
[www.paypalobjects.com/en_US/i/btn/btn_buynow_LG.gif]
[static.wixstatic.com/media/11062b_03c50f8fe4a34cc297a984e483a282eff000.jpg/v1/fill/w_288,h_162,al_c,q_80,usm_0.66_1.00_0.01,blur_2/11062b_03c50f8fe4a34cc297a984e48]
[www.paypalobjects.com/en_US/i/scr/pixel.gif]
[pederspongsveen.wixsite.com/grinders-customs/robots.1b.delayed]
[pederspongsveen.wixsite.com/grinders-customs/sitemap.xml]
[pederspongsveen.wixsite.com/grinders-customs/feed.1d.delayed]
[pederspongsveen.wixsite.com/grinders-customs/${n.1e.delayed]
[pederspongsveen.wixsite.com/grinders-customs/decodeURIComponent(e.1f.delayed]
[pederspongsveen.wixsite.com/grinders-customs/chose-subscriptione.html]
[pederspongsveen.wixsite.com/sitemap.html]
[pederspongsveen.wixsite.com/feed.html]
[pederspongsveen.wixsite.com/${n.html]
[pederspongsveen.wixsite.com/decodeURIComponent(e.html]
[pederspongsveen.wixsite.com/grinders-customs/robots.html]
[pederspongsveen.wixsite.com/grinders-customs/feed.html]
[pederspongsveen.wixsite.com/grinders-customs/${n.html]
[pederspongsveen.wixsite.com/grinders-customs/decodeURIComponent(e.html]
